﻿Attempting QA digest send to spinzy.healthians@gmail.com
prisma:info Starting a postgresql pool with 5 connections.
prisma:query SELECT "public"."ParentProfile"."id", "public"."ParentProfile"."userId", "public"."ParentProfile"."createdAt", "public"."ParentProfile"."digestOptOut", "public"."ParentProfile"."inactivityOptOut", "public"."ParentProfile"."digestDay", "public"."ParentProfile"."digestTime", "public"."ParentProfile"."digestTimezone", "public"."ParentProfile"."inactivityThresholdDays" FROM "public"."ParentProfile" WHERE ("public"."ParentProfile"."userId" = $1 AND 1=1) LIMIT $2 OFFSET $3
{"timestamp":"2026-04-17T12:27:11.051Z","level":"info","event":"redis.connected","context":{"host":"127.0.0.1","port":6379}}
{"timestamp":"2026-04-17T12:27:11.331Z","level":"info","event":"redis.info.memory","context":{"maxmemory_policy":"noeviction"}}
npx : {"timestamp":"2026-04-17T12:27:12.680Z","level":"error","event":"[ERROR] 
[mailer] Send failed","context":{"error":"The gnosiva.com domain is not 
verified. Please, add and verify your domain on 
https://resend.com/domains","to":"[REDACTED_EMAIL]","subject":"QA: weekly 
digest test ΓÇö 2026-04-17T12:27:10.210Z"}}
At line:1 char:46
+ ... gmail.com'; npx tsx -r tsconfig-paths/register scripts/send-test-dige ...
+                 ~~~~~~~~~~~~~~~~~~~~~~~~~~~~~~~~~~~~~~~~~~~~~~~~~~~~~~~~~
    + CategoryInfo          : NotSpecified: ({"timestamp":"2...2:27:10.210Z"}} 
   :String) [], RemoteException
    + FullyQualifiedErrorId : NativeCommandError
 
{"timestamp":"2026-04-17T12:27:12.687Z","level":"error","event":"[ERROR] 
[mailer] sendMailSafe suppressed error","context":{"error":{}}}
prisma:query INSERT INTO "public"."ParentNotification" ("id","parentId","studentId","type","channel","subject","body","sentAt","createdAt") VALUES ($1,$2,$3,$4,$5,$6,$7,$8,$9) RETURNING "public"."ParentNotification"."id", "public"."ParentNotification"."parentId", "public"."ParentNotification"."studentId", "public"."ParentNotification"."type", "public"."ParentNotification"."channel", "public"."ParentNotification"."subject", "public"."ParentNotification"."body", "public"."ParentNotification"."sentAt", "public"."ParentNotification"."createdAt"
Result: { sent: true }

