2026-03-04T06:41:44.641Z {"timestamp":"2026-03-04T06:41:44.580Z","level":"warn","event":"[WARN] Failed to persist content suggestions","context":{"err":"Cannot read properties of undefined (reading 'findMany')"}}
2026-03-04T06:41:45.344Z {"timestamp":"2026-03-04T06:41:45.151Z","level":"warn","event":"[WARN] Failed to persist content suggestions","context":{"err":"Cannot read properties of undefined (reading 'findMany')"}}
2026-03-04T06:41:48.150Z {"timestamp":"2026-03-04T06:41:48.145Z","level":"error","event":"[ERROR] analytics aggregation failed: Error: boom","context":{"error":"boom"}}
2026-03-04T06:41:48.152Z {"timestamp":"2026-03-04T06:41:48.147Z","level":"error","event":"[ERROR] analytics aggregation failed: Error: boom","context":{"error":"boom"}}
2026-03-04T06:41:48.165Z {"timestamp":"2026-03-04T06:41:48.155Z","level":"warn","event":"[WARN] Failed to persist content suggestions","context":{"err":"Cannot read properties of undefined (reading 'findMany')"}}
2026-03-04T06:41:48.168Z {"timestamp":"2026-03-04T06:41:48.162Z","level":"warn","event":"[WARN] Failed to persist content suggestions","context":{"err":"Cannot read properties of undefined (reading 'findMany')"}}
2026-03-04T06:41:59.374Z {"timestamp":"2026-03-04T06:41:59.356Z","level":"error","event":"[ERROR] [VALIDATION_DEFENSIVE] handleQuestionsJob: JSON/schema validation failed","context":{"jobId":"jobQ1","difficulty":"easy","topicId":"topicQ1","reason":"SEMANTIC_WEAKNESS","details":{"question":"2+2"}}}
2026-03-04T06:42:00.059Z {"timestamp":"2026-03-04T06:42:00.035Z","level":"error","event":"[ERROR] [VALIDATION_DEFENSIVE] handleQuestionsJob: JSON/schema validation failed","context":{"jobId":"jobQ1","difficulty":"easy","topicId":"topicQ1","reason":"SEMANTIC_WEAKNESS","details":{"question":"2+2"}}}
2026-03-04T06:42:01.687Z {"timestamp":"2026-03-04T06:42:01.672Z","level":"warn","event":"[WARN] logAuditEvent: unexpected error","context":{"err":{},"event":{"action":"RETRY_INTENT_CREATED","entityId":"ri1","metadata":{"sourceJobId":"1","approvedBy":"admin"}}}}
2026-03-04T06:42:01.709Z {"timestamp":"2026-03-04T06:42:01.699Z","level":"warn","event":"[WARN] logAuditEvent: unexpected error","context":{"err":{},"event":{"action":"RETRY_INTENT_CONSUMED","entityId":"ri1"}}}
2026-03-04T06:42:02.247Z {"timestamp":"2026-03-04T06:42:02.236Z","level":"warn","event":"[WARN] logAuditEvent: unexpected error","context":{"err":{},"event":{"action":"RETRY_INTENT_CREATED","entityId":"ri1","metadata":{"sourceJobId":"1","approvedBy":"admin"}}}}
2026-03-04T06:42:02.277Z {"timestamp":"2026-03-04T06:42:02.269Z","level":"warn","event":"[WARN] logAuditEvent: unexpected error","context":{"err":{},"event":{"action":"RETRY_INTENT_CONSUMED","entityId":"ri1"}}}
2026-03-04T06:42:03.682Z {"timestamp":"2026-03-04T06:42:03.673Z","level":"warn","event":"[WARN] logAuditEvent: unexpected error","context":{"err":{},"event":{"action":"PROMOTION_APPROVED","entityId":"pc1","actorId":"admin","metadata":{"publishedId":"pub1","scope":"LESSON","scopeRefId":"l1"}}}}
2026-03-04T06:42:03.697Z {"timestamp":"2026-03-04T06:42:03.693Z","level":"warn","event":"[WARN] logAuditEvent: unexpected error","context":{"err":{},"event":{"action":"PROMOTION_REJECTED","entityId":"pc1","actorId":"admin","metadata":{"scope":"LESSON","scopeRefId":"l1"}}}}
2026-03-04T06:42:04.245Z {"timestamp":"2026-03-04T06:42:04.232Z","level":"warn","event":"[WARN] logAuditEvent: unexpected error","context":{"err":{},"event":{"action":"REGEN_JOB_TRIGGERED","actorId":"admin1","entityId":"job1","metadata":{"jobId":"job1"}}}}
2026-03-04T06:42:04.278Z {"timestamp":"2026-03-04T06:42:04.263Z","level":"warn","event":"[WARN] logAuditEvent: unexpected error","context":{"err":{},"event":{"action":"REGEN_JOB_TRIGGERED","actorId":"admin1","entityId":"job1","metadata":{"jobId":"job1"}}}}
2026-03-04T06:42:04.315Z {"timestamp":"2026-03-04T06:42:04.302Z","level":"warn","event":"[WARN] logAuditEvent: unexpected error","context":{"err":{},"event":{"action":"REGEN_JOB_TRIGGERED","actorId":"admin1","entityId":"job2","metadata":{"jobId":"job2"}}}}
2026-03-04T06:42:04.327Z {"timestamp":"2026-03-04T06:42:04.326Z","level":"warn","event":"[WARN] logAuditEvent: unexpected error","context":{"err":{},"event":{"action":"REGEN_JOB_TRIGGERED","actorId":"admin1","entityId":"job3","metadata":{"jobId":"job3"}}}}
2026-03-04T06:42:04.365Z {"timestamp":"2026-03-04T06:42:04.364Z","level":"warn","event":"[WARN] logAuditEvent: unexpected error","context":{"err":{},"event":{"action":"REGEN_JOB_TRIGGERED","actorId":"admin1","entityId":"job4","metadata":{"jobId":"job4"}}}}
2026-03-04T06:42:04.392Z {"timestamp":"2026-03-04T06:42:04.381Z","level":"warn","event":"[WARN] logAuditEvent: unexpected error","context":{"err":{},"event":{"action":"PROMOTION_APPROVED","entityId":"pc1","actorId":"admin","metadata":{"publishedId":"pub1","scope":"LESSON","scopeRefId":"l1"}}}}
2026-03-04T06:42:04.413Z {"timestamp":"2026-03-04T06:42:04.412Z","level":"warn","event":"[WARN] logAuditEvent: unexpected error","context":{"err":{},"event":{"action":"PROMOTION_REJECTED","entityId":"pc1","actorId":"admin","metadata":{"scope":"LESSON","scopeRefId":"l1"}}}}
2026-03-04T06:42:04.861Z {"timestamp":"2026-03-04T06:42:04.849Z","level":"warn","event":"[WARN] logAuditEvent: unexpected error","context":{"err":{},"event":{"action":"REGEN_JOB_TRIGGERED","actorId":"admin1","entityId":"job1","metadata":{"jobId":"job1"}}}}
2026-03-04T06:42:04.876Z {"timestamp":"2026-03-04T06:42:04.875Z","level":"warn","event":"[WARN] logAuditEvent: unexpected error","context":{"err":{},"event":{"action":"REGEN_JOB_TRIGGERED","actorId":"admin1","entityId":"job1","metadata":{"jobId":"job1"}}}}
2026-03-04T06:42:04.882Z {"timestamp":"2026-03-04T06:42:04.876Z","level":"warn","event":"[WARN] logAuditEvent: unexpected error","context":{"err":{},"event":{"actorId":"actor1","action":"SUGGESTION_CREATED","entityType":"ContentSuggestion","entityId":"new","metadata":{"courseId":"c1","type":"LOW_COMPLETION"}}}}
2026-03-04T06:42:04.899Z {"timestamp":"2026-03-04T06:42:04.898Z","level":"warn","event":"[WARN] logAuditEvent: unexpected error","context":{"err":{},"event":{"actorId":"admin1","action":"SUGGESTION_ACCEPTED","entityType":"ContentSuggestion","entityId":"new","metadata":{"courseId":"c1","status":"ACCEPTED"}}}}
2026-03-04T06:42:04.903Z {"timestamp":"2026-03-04T06:42:04.899Z","level":"warn","event":"[WARN] logAuditEvent: unexpected error","context":{"err":{},"event":{"action":"REGEN_JOB_TRIGGERED","actorId":"admin1","entityId":"job2","metadata":{"jobId":"job2"}}}}
2026-03-04T06:42:04.919Z {"timestamp":"2026-03-04T06:42:04.914Z","level":"warn","event":"[WARN] logAuditEvent: unexpected error","context":{"err":{},"event":{"action":"REGEN_JOB_TRIGGERED","actorId":"admin1","entityId":"job3","metadata":{"jobId":"job3"}}}}
2026-03-04T06:42:04.955Z {"timestamp":"2026-03-04T06:42:04.954Z","level":"warn","event":"[WARN] logAuditEvent: unexpected error","context":{"err":{},"event":{"action":"REGEN_JOB_TRIGGERED","actorId":"admin1","entityId":"job4","metadata":{"jobId":"job4"}}}}
2026-03-04T06:42:05.175Z {"timestamp":"2026-03-04T06:42:05.101Z","level":"warn","event":"[WARN] logAuditEvent: unexpected error","context":{"err":{},"event":{"action":"PROMOTION_CANDIDATE_CREATED","entityId":"pc1","actorId":"admin","metadata":{"scope":"LESSON","scopeRefId":"l1","regenerationJobId":"j1"}}}}
2026-03-04T06:42:05.434Z {"timestamp":"2026-03-04T06:42:05.423Z","level":"warn","event":"[WARN] logAuditEvent: unexpected error","context":{"err":{},"event":{"actorId":"actor1","action":"SUGGESTION_CREATED","entityType":"ContentSuggestion","entityId":"new","metadata":{"courseId":"c1","type":"LOW_COMPLETION"}}}}
2026-03-04T06:42:05.468Z {"timestamp":"2026-03-04T06:42:05.464Z","level":"warn","event":"[WARN] logAuditEvent: unexpected error","context":{"err":{},"event":{"actorId":"admin1","action":"SUGGESTION_ACCEPTED","entityType":"ContentSuggestion","entityId":"new","metadata":{"courseId":"c1","status":"ACCEPTED"}}}}
2026-03-04T06:42:05.653Z {"timestamp":"2026-03-04T06:42:05.646Z","level":"warn","event":"[WARN] logAuditEvent: unexpected error","context":{"err":{},"event":{"action":"PROMOTION_APPROVED","entityId":"pc1","actorId":"admin","metadata":{"publishedId":"pub-2","scope":"LESSON","scopeRefId":"l1"}}}}
2026-03-04T06:42:05.668Z {"timestamp":"2026-03-04T06:42:05.665Z","level":"warn","event":"[WARN] logAuditEvent: unexpected error","context":{"err":{},"event":{"action":"PROMOTION_APPROVED","entityId":"pc2","actorId":"admin","metadata":{"publishedId":"pub-4","scope":"LESSON","scopeRefId":"l1"}}}}
2026-03-04T06:42:05.696Z {"timestamp":"2026-03-04T06:42:05.693Z","level":"warn","event":"[WARN] logAuditEvent: unexpected error","context":{"err":{},"event":{"action":"PROMOTION_APPROVED","entityId":"pc1","actorId":"admin","metadata":{"publishedId":"pub1","scope":"LESSON","scopeRefId":"l1"}}}}
2026-03-04T06:42:06.203Z {"timestamp":"2026-03-04T06:42:06.064Z","level":"warn","event":"[WARN] logAuditEvent: unexpected error","context":{"err":{},"event":{"action":"PROMOTION_CANDIDATE_CREATED","entityId":"pc1","actorId":"admin","metadata":{"scope":"LESSON","scopeRefId":"l1","regenerationJobId":"j1"}}}}
2026-03-04T06:42:06.505Z {"timestamp":"2026-03-04T06:42:06.501Z","level":"warn","event":"[WARN] logAuditEvent: unexpected error","context":{"err":{},"event":{"action":"PROMOTION_APPROVED","entityId":"pc1","actorId":"admin","metadata":{"publishedId":"pub-2","scope":"LESSON","scopeRefId":"l1"}}}}
2026-03-04T06:42:06.516Z {"timestamp":"2026-03-04T06:42:06.511Z","level":"warn","event":"[WARN] logAuditEvent: unexpected error","context":{"err":{},"event":{"action":"PROMOTION_APPROVED","entityId":"pc2","actorId":"admin","metadata":{"publishedId":"pub-4","scope":"LESSON","scopeRefId":"l1"}}}}
2026-03-04T06:42:06.550Z {"timestamp":"2026-03-04T06:42:06.530Z","level":"warn","event":"[WARN] logAuditEvent: unexpected error","context":{"err":{},"event":{"action":"RETRY_INTENT_CONSUMED","entityId":"ri1"}}}
2026-03-04T06:42:06.568Z {"timestamp":"2026-03-04T06:42:06.567Z","level":"warn","event":"[WARN] logAuditEvent: unexpected error","context":{"err":{},"event":{"action":"PROMOTION_APPROVED","entityId":"pc1","actorId":"admin","metadata":{"publishedId":"pub1","scope":"LESSON","scopeRefId":"l1"}}}}
2026-03-04T06:42:06.580Z {"timestamp":"2026-03-04T06:42:06.579Z","level":"warn","event":"[WARN] logAuditEvent: unexpected error","context":{"err":{},"event":{"action":"REGEN_JOB_RETRIED","entityId":"newJob","metadata":{"sourceJobId":"sj1","retryIntentId":"ri1"}}}}
2026-03-04T06:42:07.483Z {"timestamp":"2026-03-04T06:42:07.475Z","level":"warn","event":"[WARN] logAuditEvent: unexpected error","context":{"err":{},"event":{"action":"RETRY_INTENT_CONSUMED","entityId":"ri1"}}}
2026-03-04T06:42:07.491Z {"timestamp":"2026-03-04T06:42:07.486Z","level":"warn","event":"[WARN] logAuditEvent: unexpected error","context":{"err":{},"event":{"action":"REGEN_JOB_RETRIED","entityId":"newJob","metadata":{"sourceJobId":"sj1","retryIntentId":"ri1"}}}}
