npx : PASS tests/integration/infra/doubtkb_ivfflat.integration.test.ts
At line:1 char:1
+ npx jest --config jest.integration.config.cjs tests/integration/ --ru ...
+ ~~~~~~~~~~~~~~~~~~~~~~~~~~~~~~~~~~~~~~~~~~~~~~~~~~~~~~~~~~~~~~~~~~~~~
    + CategoryInfo          : NotSpecified: (PASS tests/inte...gration.test.ts 
   :String) [], RemoteException
    + FullyQualifiedErrorId : NativeCommandError
 
PASS tests/integration/parent_subscription.integration.test.ts
  ΓùÅ Console

    console.error
      {"timestamp":"2026-04-14T13:32:29.812Z","level":"error","event":"[ERROR] 
Invoice generation/email failed (parent.verify)","context":{"event":"parent.sub
scription.verify.invoice_error","context":{"userId":"cmnynvbyp0000t8jwwzy75lga"
,"orderId":"order-parent-1776173547845"},"err":{"code":"P2022","meta":{"modelNa
me":"Invoice","column":"invoiceNumber"},"clientVersion":"[REDACTED_JWT]","name"
:"PrismaClientKnownRequestError"}}}

    [0m [90m 73 |[39m   [36mconst[39m line [33m=[39m 
[33mJSON[39m[33m.[39mstringify(payload)[33m;[39m
     [90m 74 |[39m   [36mif[39m (level [33m===[39m [32m'error'[39m) {
    [31m[1m>[22m[39m[90m 75 |[39m     
console[33m.[39merror(line)[33m;[39m
     [90m    |[39m             [31m[1m^[22m[39m
     [90m 76 |[39m   } [36melse[39m [36mif[39m (level [33m===[39m 
[32m'warn'[39m) {
     [90m 77 |[39m     [90m// Route warnings to stderr via console.warn so 
they're clearly visible[39m
     [90m 78 |[39m     [90m// but not treated as fatal errors by tooling 
that watches stderr.[39m[0m

      at output (lib/logger.ts:75:13)
      at Logger.add (lib/logger.ts:183:7)
      at Logger.error (lib/logger.ts:191:10)
      at Object.POST (app/api/parent/subscription/verify/route.ts:257:16)
      at Object.<anonymous> 
(tests/integration/parent_subscription.integration.test.ts:175:23)

    console.warn
      Invoice row not found; continuing remaining assertions

    [0m [90m 207 |[39m       [90m// Invoice creation may fail in local 
test DBs that are missing migrations.[39m
     [90m 208 |[39m       [90m// Continue with remaining assertions instead 
of failing the test.[39m
    [31m[1m>[22m[39m[90m 209 |[39m       
console[33m.[39mwarn([32m'Invoice row not found; continuing remaining 
assertions'[39m)
     [90m     |[39m               [31m[1m^[22m[39m
     [90m 210 |[39m     }
     [90m 211 |[39m
     [90m 212 |[39m     [90m// Parent subscription created[39m[0m

      at Object.<anonymous> 
(tests/integration/parent_subscription.integration.test.ts:209:15)

PASS tests/integration/student/session.test.ts
PASS tests/integration/scripts/ingest-curriculum.integration.test.ts
  ΓùÅ Console

    console.log
      [ingest] Starting curriculum chunk ingestion v2...

      at Object.main (scripts/ingest-curriculum.ts:32:11)

    console.log
      [ingest] Found 1 chunks to embed (0 with content changes).

      at Object.main (scripts/ingest-curriculum.ts:91:11)

    console.log
      [ingest] Progress: 1/1

      at Object.main (scripts/ingest-curriculum.ts:168:13)

    console.log
      
      [ingest] Done. Embedded: 1, Updated: 0, Failed: 0

      at Object.main (scripts/ingest-curriculum.ts:171:11)

    console.log
      [ingest] Starting curriculum chunk ingestion v2...

      at Object.main (scripts/ingest-curriculum.ts:32:11)

    console.log
      [ingest] All chunks already embedded with current content. Nothing to do.

      at Object.main (scripts/ingest-curriculum.ts:85:13)

    console.log
      [ingest] Starting curriculum chunk ingestion v2...

      at Object.main (scripts/ingest-curriculum.ts:32:11)

    console.log
      [ingest] Found 1 chunks to embed (1 with content changes).

      at Object.main (scripts/ingest-curriculum.ts:91:11)

    console.log
      [ingest] Progress: 1/1

      at Object.main (scripts/ingest-curriculum.ts:168:13)

    console.log
      
      [ingest] Done. Embedded: 1, Updated: 1, Failed: 0

      at Object.main (scripts/ingest-curriculum.ts:171:11)

PASS tests/integration/order_invoice.integration.test.ts
  ΓùÅ Console

    console.error
      {"timestamp":"2026-04-14T13:32:38.954Z","level":"error","event":"[ERROR] 
Invoice generation/email failed","context":{"event":"[REDACTED_JWT]","context":
{"userId":"cmnynvjr1000vt8jw96epxi5d","orderId":"order-invoice-1776173557258"},
"err":{"code":"P2022","meta":{"modelName":"Invoice","column":"invoiceNumber"},"
clientVersion":"[REDACTED_JWT]","name":"PrismaClientKnownRequestError"}}}

    [0m [90m 73 |[39m   [36mconst[39m line [33m=[39m 
[33mJSON[39m[33m.[39mstringify(payload)[33m;[39m
     [90m 74 |[39m   [36mif[39m (level [33m===[39m [32m'error'[39m) {
    [31m[1m>[22m[39m[90m 75 |[39m     
console[33m.[39merror(line)[33m;[39m
     [90m    |[39m             [31m[1m^[22m[39m
     [90m 76 |[39m   } [36melse[39m [36mif[39m (level [33m===[39m 
[32m'warn'[39m) {
     [90m 77 |[39m     [90m// Route warnings to stderr via console.warn so 
they're clearly visible[39m
     [90m 78 |[39m     [90m// but not treated as fatal errors by tooling 
that watches stderr.[39m[0m

      at output (lib/logger.ts:75:13)
      at Logger.add (lib/logger.ts:183:7)
      at Logger.error (lib/logger.ts:191:10)
      at Object.POST (app/api/student/subscription/verify/route.ts:293:14)
      at Object.<anonymous> 
(tests/integration/order_invoice.integration.test.ts:114:17)

PASS tests/integration/payment_methods.integration.test.ts
PASS tests/integration/hydrateAll-validation.test.ts
  ΓùÅ Console

    console.error
      {"timestamp":"2026-04-14T13:32:42.832Z","level":"error","event":"[ERROR] 
[QUESTION_SCHEMA_FAILURE]","context":{"field":"questions","expectedSchema":"Arr
ay must contain at least 1 
element(s)","code":"too_small","jobType":"questions"}}

    [0m [90m 73 |[39m   [36mconst[39m line [33m=[39m 
[33mJSON[39m[33m.[39mstringify(payload)[33m;[39m
     [90m 74 |[39m   [36mif[39m (level [33m===[39m [32m'error'[39m) {
    [31m[1m>[22m[39m[90m 75 |[39m     
console[33m.[39merror(line)[33m;[39m
     [90m    |[39m             [31m[1m^[22m[39m
     [90m 76 |[39m   } [36melse[39m [36mif[39m (level [33m===[39m 
[32m'warn'[39m) {
     [90m 77 |[39m     [90m// Route warnings to stderr via console.warn so 
they're clearly visible[39m
     [90m 78 |[39m     [90m// but not treated as fatal errors by tooling 
that watches stderr.[39m[0m

      at output (lib/logger.ts:75:13)
      at Logger.add (lib/logger.ts:183:7)
      at Logger.error (lib/logger.ts:191:10)
      at validateOrThrow (lib/aiOutputValidator.ts:98:16)
      at tests/integration/hydrateAll-validation.test.ts:606:24
      at Object.<anonymous> 
(node_modules/expect/build/toThrowMatchers.js:74:11)
      at Object.throwingMatcher [as toThrow] 
(node_modules/expect/build/index.js:320:21)
      at Object.<anonymous> 
(tests/integration/hydrateAll-validation.test.ts:610:9)

    console.error
      {"timestamp":"2026-04-14T13:32:42.852Z","level":"error","event":"[ERROR] 
[QUESTION_SCHEMA_FAILURE]","context":{"field":"questions","receivedValue":"unde
fined","expectedSchema":"Required","code":"invalid_type","jobType":"questions"}
}

    [0m [90m 73 |[39m   [36mconst[39m line [33m=[39m 
[33mJSON[39m[33m.[39mstringify(payload)[33m;[39m
     [90m 74 |[39m   [36mif[39m (level [33m===[39m [32m'error'[39m) {
    [31m[1m>[22m[39m[90m 75 |[39m     
console[33m.[39merror(line)[33m;[39m
     [90m    |[39m             [31m[1m^[22m[39m
     [90m 76 |[39m   } [36melse[39m [36mif[39m (level [33m===[39m 
[32m'warn'[39m) {
     [90m 77 |[39m     [90m// Route warnings to stderr via console.warn so 
they're clearly visible[39m
     [90m 78 |[39m     [90m// but not treated as fatal errors by tooling 
that watches stderr.[39m[0m

      at output (lib/logger.ts:75:13)
      at Logger.add (lib/logger.ts:183:7)
      at Logger.error (lib/logger.ts:191:10)
      at validateOrThrow (lib/aiOutputValidator.ts:98:16)
      at tests/integration/hydrateAll-validation.test.ts:615:24
      at Object.<anonymous> 
(node_modules/expect/build/toThrowMatchers.js:74:11)
      at Object.throwingMatcher [as toThrow] 
(node_modules/expect/build/index.js:320:21)
      at Object.<anonymous> 
(tests/integration/hydrateAll-validation.test.ts:619:9)

    console.error
      {"timestamp":"2026-04-14T13:32:42.890Z","level":"error","event":"[ERROR] 
[QUESTION_SCHEMA_FAILURE]","context":{"field":"title","receivedValue":"undefine
d","expectedSchema":"Required","code":"invalid_type","jobType":"notes"}}

    [0m [90m 73 |[39m   [36mconst[39m line [33m=[39m 
[33mJSON[39m[33m.[39mstringify(payload)[33m;[39m
     [90m 74 |[39m   [36mif[39m (level [33m===[39m [32m'error'[39m) {
    [31m[1m>[22m[39m[90m 75 |[39m     
console[33m.[39merror(line)[33m;[39m
     [90m    |[39m             [31m[1m^[22m[39m
     [90m 76 |[39m   } [36melse[39m [36mif[39m (level [33m===[39m 
[32m'warn'[39m) {
     [90m 77 |[39m     [90m// Route warnings to stderr via console.warn so 
they're clearly visible[39m
     [90m 78 |[39m     [90m// but not treated as fatal errors by tooling 
that watches stderr.[39m[0m

      at output (lib/logger.ts:75:13)
      at Logger.add (lib/logger.ts:183:7)
      at Logger.error (lib/logger.ts:191:10)
      at validateOrThrow (lib/aiOutputValidator.ts:98:16)
      at Object.<anonymous> 
(tests/integration/hydrateAll-validation.test.ts:1062:24)

    console.error
      {"timestamp":"2026-04-14T13:32:42.891Z","level":"error","event":"[ERROR] 
[QUESTION_SCHEMA_FAILURE]","context":{"field":"concept","receivedValue":"undefi
ned","expectedSchema":"Required","code":"invalid_type","jobType":"notes"}}

    [0m [90m 73 |[39m   [36mconst[39m line [33m=[39m 
[33mJSON[39m[33m.[39mstringify(payload)[33m;[39m
     [90m 74 |[39m   [36mif[39m (level [33m===[39m [32m'error'[39m) {
    [31m[1m>[22m[39m[90m 75 |[39m     
console[33m.[39merror(line)[33m;[39m
     [90m    |[39m             [31m[1m^[22m[39m
     [90m 76 |[39m   } [36melse[39m [36mif[39m (level [33m===[39m 
[32m'warn'[39m) {
     [90m 77 |[39m     [90m// Route warnings to stderr via console.warn so 
they're clearly visible[39m
     [90m 78 |[39m     [90m// but not treated as fatal errors by tooling 
that watches stderr.[39m[0m

      at output (lib/logger.ts:75:13)
      at Logger.add (lib/logger.ts:183:7)
      at Logger.error (lib/logger.ts:191:10)
      at validateOrThrow (lib/aiOutputValidator.ts:98:16)
      at Object.<anonymous> 
(tests/integration/hydrateAll-validation.test.ts:1062:24)

    console.error
      {"timestamp":"2026-04-14T13:32:42.891Z","level":"error","event":"[ERROR] 
[QUESTION_SCHEMA_FAILURE]","context":{"field":"explanation","receivedValue":"un
defined","expectedSchema":"Required","code":"invalid_type","jobType":"notes"}}

    [0m [90m 73 |[39m   [36mconst[39m line [33m=[39m 
[33mJSON[39m[33m.[39mstringify(payload)[33m;[39m
     [90m 74 |[39m   [36mif[39m (level [33m===[39m [32m'error'[39m) {
    [31m[1m>[22m[39m[90m 75 |[39m     
console[33m.[39merror(line)[33m;[39m
     [90m    |[39m             [31m[1m^[22m[39m
     [90m 76 |[39m   } [36melse[39m [36mif[39m (level [33m===[39m 
[32m'warn'[39m) {
     [90m 77 |[39m     [90m// Route warnings to stderr via console.warn so 
they're clearly visible[39m
     [90m 78 |[39m     [90m// but not treated as fatal errors by tooling 
that watches stderr.[39m[0m

      at output (lib/logger.ts:75:13)
      at Logger.add (lib/logger.ts:183:7)
      at Logger.error (lib/logger.ts:191:10)
      at validateOrThrow (lib/aiOutputValidator.ts:98:16)
      at Object.<anonymous> 
(tests/integration/hydrateAll-validation.test.ts:1062:24)

    console.error
      {"timestamp":"2026-04-14T13:32:42.891Z","level":"error","event":"[ERROR] 
[QUESTION_SCHEMA_FAILURE]","context":{"field":"example","receivedValue":"undefi
ned","expectedSchema":"Required","code":"invalid_type","jobType":"notes"}}

    [0m [90m 73 |[39m   [36mconst[39m line [33m=[39m 
[33mJSON[39m[33m.[39mstringify(payload)[33m;[39m
     [90m 74 |[39m   [36mif[39m (level [33m===[39m [32m'error'[39m) {
    [31m[1m>[22m[39m[90m 75 |[39m     
console[33m.[39merror(line)[33m;[39m
     [90m    |[39m             [31m[1m^[22m[39m
     [90m 76 |[39m   } [36melse[39m [36mif[39m (level [33m===[39m 
[32m'warn'[39m) {
     [90m 77 |[39m     [90m// Route warnings to stderr via console.warn so 
they're clearly visible[39m
     [90m 78 |[39m     [90m// but not treated as fatal errors by tooling 
that watches stderr.[39m[0m

      at output (lib/logger.ts:75:13)
      at Logger.add (lib/logger.ts:183:7)
      at Logger.error (lib/logger.ts:191:10)
      at validateOrThrow (lib/aiOutputValidator.ts:98:16)
      at Object.<anonymous> 
(tests/integration/hydrateAll-validation.test.ts:1062:24)

    console.error
      {"timestamp":"2026-04-14T13:32:42.892Z","level":"error","event":"[ERROR] 
[QUESTION_SCHEMA_FAILURE]","context":{"field":"keyPoints","receivedValue":"unde
fined","expectedSchema":"Required","code":"invalid_type","jobType":"notes"}}

    [0m [90m 73 |[39m   [36mconst[39m line [33m=[39m 
[33mJSON[39m[33m.[39mstringify(payload)[33m;[39m
     [90m 74 |[39m   [36mif[39m (level [33m===[39m [32m'error'[39m) {
    [31m[1m>[22m[39m[90m 75 |[39m     
console[33m.[39merror(line)[33m;[39m
     [90m    |[39m             [31m[1m^[22m[39m
     [90m 76 |[39m   } [36melse[39m [36mif[39m (level [33m===[39m 
[32m'warn'[39m) {
     [90m 77 |[39m     [90m// Route warnings to stderr via console.warn so 
they're clearly visible[39m
     [90m 78 |[39m     [90m// but not treated as fatal errors by tooling 
that watches stderr.[39m[0m

      at output (lib/logger.ts:75:13)
      at Logger.add (lib/logger.ts:183:7)
      at Logger.error (lib/logger.ts:191:10)
      at validateOrThrow (lib/aiOutputValidator.ts:98:16)
      at Object.<anonymous> 
(tests/integration/hydrateAll-validation.test.ts:1062:24)

    console.error
      {"timestamp":"2026-04-14T13:32:42.892Z","level":"error","event":"[ERROR] 
[QUESTION_SCHEMA_FAILURE]","context":{"field":"commonMistakes","receivedValue":
"undefined","expectedSchema":"Required","code":"invalid_type","jobType":"notes"
}}

    [0m [90m 73 |[39m   [36mconst[39m line [33m=[39m 
[33mJSON[39m[33m.[39mstringify(payload)[33m;[39m
     [90m 74 |[39m   [36mif[39m (level [33m===[39m [32m'error'[39m) {
    [31m[1m>[22m[39m[90m 75 |[39m     
console[33m.[39merror(line)[33m;[39m
     [90m    |[39m             [31m[1m^[22m[39m
     [90m 76 |[39m   } [36melse[39m [36mif[39m (level [33m===[39m 
[32m'warn'[39m) {
     [90m 77 |[39m     [90m// Route warnings to stderr via console.warn so 
they're clearly visible[39m
     [90m 78 |[39m     [90m// but not treated as fatal errors by tooling 
that watches stderr.[39m[0m

      at output (lib/logger.ts:75:13)
      at Logger.add (lib/logger.ts:183:7)
      at Logger.error (lib/logger.ts:191:10)
      at validateOrThrow (lib/aiOutputValidator.ts:98:16)
      at Object.<anonymous> 
(tests/integration/hydrateAll-validation.test.ts:1062:24)

PASS tests/integration/analytics_job_suggestions.integration.test.ts
PASS tests/integration/worker/suppressionSemantics.integration.test.ts
PASS tests/integration/parent/progress.test.ts
PASS tests/integration/worker/runInactivityAlerts.integration.test.ts
PASS tests/integration/ai/orchestrator.test.ts
PASS tests/integration/hydrationFlow.test.ts
  ΓùÅ Console

    console.warn
      {"timestamp":"2026-04-14T13:32:46.081Z","level":"warn","event":"[WARN] 
[syllabusWorker] CurriculumChunk query error -- using GPT knowledge","context":
{"event":"ncert_grounding_error","context":{"jobId":"job-1","error":"TypeError:
 Cannot read properties of undefined (reading 'findMany')"}}}

    [0m [90m 77 |[39m     [90m// Route warnings to stderr via console.warn 
so they're clearly visible[39m
     [90m 78 |[39m     [90m// but not treated as fatal errors by tooling 
that watches stderr.[39m
    [31m[1m>[22m[39m[90m 79 |[39m     
console[33m.[39mwarn(line)[33m;[39m
     [90m    |[39m             [31m[1m^[22m[39m
     [90m 80 |[39m   } [36melse[39m {
     [90m 81 |[39m     console[33m.[39mlog(line)[33m;[39m
     [90m 82 |[39m   }[0m

      at output (lib/logger.ts:79:13)
      at Logger.add (lib/logger.ts:183:7)
      at Logger.warn (lib/logger.ts:195:10)
      at handleSyllabusJob (worker/services/syllabusWorker.ts:156:12)
      at Object.<anonymous> (tests/integration/hydrationFlow.test.ts:57:5)

PASS tests/integration/admin/audit.test.ts
PASS tests/integration/worker/inactivityAlert.integration.test.ts
PASS tests/integration/student/onboarding.test.ts
PASS tests/integration/worker/readinessDrop.integration.test.ts
PASS tests/integration/cost/reporting.test.ts
PASS tests/integration/submitSyllabus.integration.test.ts

Test Suites: 1 skipped, 19 passed, 19 of 20 total
Tests:       1 skipped, 2 todo, 161 passed, 164 total
Snapshots:   0 total
Time:        26.786 s
Ran all test suites matching /tests\\integration\\/i.
